// Jest Snapshot v1, https://goo.gl/fbAQLP

exports[`Should render ExpenseListItem 1`] = `
<div>
  <React.Memo />
  <React.Memo />
  <React.Memo />
</div>
`;
