// Jest Snapshot v1, https://goo.gl/fbAQLP

exports[`Should render ExpenseListItem 1`] = `
<div>
  404 Not Found - 
  <[object Object]
    to="/"
  >
    Go Home
  </[object Object]>
</div>
`;
